version https://git-lfs.github.com/spec/v1
oid sha256:b1e34782f8f5a8084f478bcfcc36c97a9c18313064125e4d2a8826e919fc2343
size 82645
